
C:\Users\Owen\Documents\GitHub\GameMaker-Cpp>"C:\Program Files\Microsoft Visual Studio\18\Community\VC\Auxiliary\Build\vcvars64.bat"
**********************************************************************
** Visual Studio 2026 Developer Command Prompt v18.3.1
** Copyright (c) 2025 Microsoft Corporation
**********************************************************************
[vcvarsall.bat] Environment initialized for: 'x64'
